#-----------------------------------------------------------
# Webtalk v2016.4 (64-bit)
# SW Build 1733598 on Wed Dec 14 22:35:39 MST 2016
# IP Build 1731160 on Wed Dec 14 23:47:21 MST 2016
# Start of session at: Mon Dec 18 15:58:52 2023
# Process ID: 28372
# Current directory: D:/Work/College/GUC/S Semester 5/Smart Traffic System/Full System/DSD Project/DSD project/project_2/project_2.sim/sim_1/behav
# Command line: wbtcv.exe -mode batch -source D:/Work/College/GUC/S Semester 5/Smart Traffic System/Full System/DSD Project/DSD project/project_2/project_2.sim/sim_1/behav/xsim.dir/Top_behav/webtalk/xsim_webtalk.tcl -notrace
# Log file: D:/Work/College/GUC/S Semester 5/Smart Traffic System/Full System/DSD Project/DSD project/project_2/project_2.sim/sim_1/behav/webtalk.log
# Journal file: D:/Work/College/GUC/S Semester 5/Smart Traffic System/Full System/DSD Project/DSD project/project_2/project_2.sim/sim_1/behav\webtalk.jou
#-----------------------------------------------------------
source D:/Work/College/GUC/S -notrace
