#-----------------------------------------------------------
# Vivado v2016.4 (64-bit)
# SW Build 1733598 on Wed Dec 14 22:35:39 MST 2016
# IP Build 1731160 on Wed Dec 14 23:47:21 MST 2016
# Start of session at: Wed Feb 07 15:24:49 2024
# Process ID: 15524
# Current directory: D:/Work/College/GUC/S Semester 5/Smart Traffic System/Full System/DSD Project/DSD project/project_2
# Command line: vivado.exe -gui_launcher_event rodinguilauncherevent16540 D:\Work\College\GUC\S Semester 5\Smart Traffic System\Full System\DSD Project\DSD project\project_2\project_2.xpr
# Log file: D:/Work/College/GUC/S Semester 5/Smart Traffic System/Full System/DSD Project/DSD project/project_2/vivado.log
# Journal file: D:/Work/College/GUC/S Semester 5/Smart Traffic System/Full System/DSD Project/DSD project/project_2\vivado.jou
#-----------------------------------------------------------
start_gui
open_project {D:/Work/College/GUC/S Semester 5/Smart Traffic System/Full System/DSD Project/DSD project/project_2/project_2.xpr}
